// Jest Snapshot v1, https://goo.gl/fbAQLP

exports[`Should BookmarkButton render correctly 1`] = `
<button
  className="undefined__bookmark-button button "
  type="button"
>
  <svg
    className="undefined__bookmark-icon"
    height={19}
    width={18}
  >
    <use
      xlinkHref="#icon-bookmark"
    />
  </svg>
  <span
    className="visually-hidden"
  >
    To bookmarks
  </span>
</button>
`;
